command> exclude *
command> include passes
command> include fails
command> include skips
command> include assert_bools
command> max_verbosity 00100001
command> min_verbosity 00100001
command> run
arduino_unit_test.ino:130:1: pass assert (x=1) == (0x1=1)
arduino_unit_test.ino:131:1: pass assert (x=0) == (0x0=0)
test summary: 2 passed, 1 failed, and 5 skipped, out of 8 test(s).
