command> exclude *
command> include passes
command> include fails
command> include skips
command> include assert_bools
command> max_verbosity 11111111
command> min_verbosity 00000101
command> run
test assert_ints skipped.
test assert_strings skipped.
test meta skipped.
test overall skipped.
firmware.ino:148:1: fail assert (x=0) == (0x1=1)
firmware.ino:149:1: fail assert (x=1) == (0x0=0)
test assert_bools passed.
test skips skipped.
test fails faied.
test passes passed.
test summary: 2 passed, 1 failed, and 5 skipped, out of 8 test(s).
